
Aluno@PC119 MINGW64 ~/Desktop/projetoExpo
$ git init
Initialized empty Git repository in C:/Users/Aluno/Desktop/projetoExpo/.git/

Aluno@PC119 MINGW64 ~/Desktop/projetoExpo (master)
$ git status
On branch master

No commits yet

Untracked files:
  (use "git add <file>..." to include in what will be committed)
        .expo-shared/
        .gitignore
        App.js
        app.json
        assets/
        babel.config.js
        components/
        package.json
        yarn.lock

nothing added to commit but untracked files present (use "git add" to track)

Aluno@PC119 MINGW64 ~/Desktop/projetoExpo (master)
$ git add App.js
warning: LF will be replaced by CRLF in App.js.
The file will have its original line endings in your working directory

Aluno@PC119 MINGW64 ~/Desktop/projetoExpo (master)
$ git add app.js

Aluno@PC119 MINGW64 ~/Desktop/projetoExpo (master)
$ git add
Nothing specified, nothing added.
hint: Maybe you wanted to say 'git add .'?
hint: Turn this message off by running
hint: "git config advice.addEmptyPathspec false"

Aluno@PC119 MINGW64 ~/Desktop/projetoExpo (master)
$ git add.
git: 'add.' is not a git command. See 'git --help'.

The most similar command is
        add

Aluno@PC119 MINGW64 ~/Desktop/projetoExpo (master)
$ ^C

Aluno@PC119 MINGW64 ~/Desktop/projetoExpo (master)
$ ^C

Aluno@PC119 MINGW64 ~/Desktop/projetoExpo (master)
$ git add App.js

Aluno@PC119 MINGW64 ~/Desktop/projetoExpo (master)
$ git add .
warning: LF will be replaced by CRLF in .expo-shared/assets.json.
The file will have its original line endings in your working directory
warning: LF will be replaced by CRLF in .gitignore.
The file will have its original line endings in your working directory
warning: LF will be replaced by CRLF in app.json.
The file will have its original line endings in your working directory
warning: LF will be replaced by CRLF in babel.config.js.
The file will have its original line endings in your working directory
warning: LF will be replaced by CRLF in components/Card/index.js.
The file will have its original line endings in your working directory
warning: LF will be replaced by CRLF in components/Card/style.js.
The file will have its original line endings in your working directory
warning: LF will be replaced by CRLF in components/Header/index.js.
The file will have its original line endings in your working directory
warning: LF will be replaced by CRLF in components/Header/style.js.
The file will have its original line endings in your working directory
warning: LF will be replaced by CRLF in package.json.
The file will have its original line endings in your working directory

Aluno@PC119 MINGW64 ~/Desktop/projetoExpo (master)
$ git status
On branch master

No commits yet

Changes to be committed:
  (use "git rm --cached <file>..." to unstage)
        new file:   .expo-shared/assets.json
        new file:   .gitignore
        new file:   App.js
        new file:   app.json
        new file:   assets/adaptive-icon.png
        new file:   assets/favicon.png
        new file:   assets/icon.png
        new file:   assets/splash.png
        new file:   babel.config.js
        new file:   components/Card/index.js
        new file:   components/Card/style.js
        new file:   components/Header/index.js
        new file:   components/Header/style.js
        new file:   package.json
        new file:   yarn.lock


Aluno@PC119 MINGW64 ~/Desktop/projetoExpo (master)
$ git commit -m "vers達o inicial"
Author identity unknown

*** Please tell me who you are.

Run

  git config --global user.email "you@example.com"
  git config --global user.name "Your Name"

to set your account's default identity.
Omit --global to set the identity only in this repository.

fatal: unable to auto-detect email address (got 'Aluno@PC119.(none)')

Aluno@PC119 MINGW64 ~/Desktop/projetoExpo (master)
$ ^[[200~  git config --global user.email "you@example.com"
bash: $'\E[200~': command not found

Aluno@PC119 MINGW64 ~/Desktop/projetoExpo (master)
$ git commit -m "vers達o inicial"
Author identity unknown

*** Please tell me who you are.

Run

  git config --global user.email "you@example.com"
  git config --global user.name "Your Name"

to set your account's default identity.
Omit --global to set the identity only in this repository.

fatal: unable to auto-detect email address (got 'Aluno@PC119.(none)')

Aluno@PC119 MINGW64 ~/Desktop/projetoExpo (master)
$ git config --global user.email "you@example.com"

Aluno@PC119 MINGW64 ~/Desktop/projetoExpo (master)
$ git commit -m "vers達o inicial"
[master (root-commit) edae95c] vers達o inicial
 15 files changed, 5669 insertions(+)
 create mode 100644 .expo-shared/assets.json
 create mode 100644 .gitignore
 create mode 100644 App.js
 create mode 100644 app.json
 create mode 100644 assets/adaptive-icon.png
 create mode 100644 assets/favicon.png
 create mode 100644 assets/icon.png
 create mode 100644 assets/splash.png
 create mode 100644 babel.config.js
 create mode 100644 components/Card/index.js
 create mode 100644 components/Card/style.js
 create mode 100644 components/Header/index.js
 create mode 100644 components/Header/style.js
 create mode 100644 package.json
 create mode 100644 yarn.lock

Aluno@PC119 MINGW64 ~/Desktop/projetoExpo (master)
$
