
Aluno@PC119 MINGW64 ~/Desktop/projetoExpo
$ git init
Initialized empty Git repository in C:/Users/Aluno/Desktop/projetoExpo/.git/

Aluno@PC119 MINGW64 ~/Desktop/projetoExpo (master)
$ git status
On branch master

No commits yet

Untracked files:
  (use "git add <file>..." to include in what will be committed)
        .expo-shared/
        .gitignore
        App.js
        app.json
        assets/
        babel.config.js
        components/
        package.json
        yarn.lock

nothing added to commit but untracked files present (use "git add" to track)

Aluno@PC119 MINGW64 ~/Desktop/projetoExpo (master)
$ git add App.js
warning: LF will be replaced by CRLF in App.js.
The file will have its original line endings in your working directory

Aluno@PC119 MINGW64 ~/Desktop/projetoExpo (master)
$ git add app.js

Aluno@PC119 MINGW64 ~/Desktop/projetoExpo (master)
$ git add
Nothing specified, nothing added.
hint: Maybe you wanted to say 'git add .'?
hint: Turn this message off by running
hint: "git config advice.addEmptyPathspec false"

Aluno@PC119 MINGW64 ~/Desktop/projetoExpo (master)
$ git add.
git: 'add.' is not a git command. See 'git --help'.

The most similar command is
        add

Aluno@PC119 MINGW64 ~/Desktop/projetoExpo (master)
$ ^C

Aluno@PC119 MINGW64 ~/Desktop/projetoExpo (master)
$ ^C

Aluno@PC119 MINGW64 ~/Desktop/projetoExpo (master)
$ git add App.js

Aluno@PC119 MINGW64 ~/Desktop/projetoExpo (master)
$ git add .
warning: LF will be replaced by CRLF in .expo-shared/assets.json.
The file will have its original line endings in your working directory
warning: LF will be replaced by CRLF in .gitignore.
The file will have its original line endings in your working directory
warning: LF will be replaced by CRLF in app.json.
The file will have its original line endings in your working directory
warning: LF will be replaced by CRLF in babel.config.js.
The file will have its original line endings in your working directory
warning: LF will be replaced by CRLF in components/Card/index.js.
The file will have its original line endings in your working directory
warning: LF will be replaced by CRLF in components/Card/style.js.
The file will have its original line endings in your working directory
warning: LF will be replaced by CRLF in components/Header/index.js.
The file will have its original line endings in your working directory
warning: LF will be replaced by CRLF in components/Header/style.js.
The file will have its original line endings in your working directory
warning: LF will be replaced by CRLF in package.json.
The file will have its original line endings in your working directory

Aluno@PC119 MINGW64 ~/Desktop/projetoExpo (master)
$ git status
On branch master

No commits yet

Changes to be committed:
  (use "git rm --cached <file>..." to unstage)
        new file:   .expo-shared/assets.json
        new file:   .gitignore
        new file:   App.js
        new file:   app.json
        new file:   assets/adaptive-icon.png
        new file:   assets/favicon.png
        new file:   assets/icon.png
        new file:   assets/splash.png
        new file:   babel.config.js
        new file:   components/Card/index.js
        new file:   components/Card/style.js
        new file:   components/Header/index.js
        new file:   components/Header/style.js
        new file:   package.json
        new file:   yarn.lock


Aluno@PC119 MINGW64 ~/Desktop/projetoExpo (master)
$ git commit -m "versão inicial"
Author identity unknown

*** Please tell me who you are.

Run

  git config --global user.email "you@example.com"
  git config --global user.name "Your Name"

to set your account's default identity.
Omit --global to set the identity only in this repository.

fatal: unable to auto-detect email address (got 'Aluno@PC119.(none)')

Aluno@PC119 MINGW64 ~/Desktop/projetoExpo (master)
$ ^[[200~  git config --global user.email "you@example.com"
bash: $'\E[200~': command not found

Aluno@PC119 MINGW64 ~/Desktop/projetoExpo (master)
$ git commit -m "versão inicial"
Author identity unknown

*** Please tell me who you are.

Run

  git config --global user.email "you@example.com"
  git config --global user.name "Your Name"

to set your account's default identity.
Omit --global to set the identity only in this repository.

fatal: unable to auto-detect email address (got 'Aluno@PC119.(none)')

Aluno@PC119 MINGW64 ~/Desktop/projetoExpo (master)
$ git config --global user.email "you@example.com"

Aluno@PC119 MINGW64 ~/Desktop/projetoExpo (master)
$ git commit -m "versão inicial"
[master (root-commit) edae95c] versão inicial
 15 files changed, 5669 insertions(+)
 create mode 100644 .expo-shared/assets.json
 create mode 100644 .gitignore
 create mode 100644 App.js
 create mode 100644 app.json
 create mode 100644 assets/adaptive-icon.png
 create mode 100644 assets/favicon.png
 create mode 100644 assets/icon.png
 create mode 100644 assets/splash.png
 create mode 100644 babel.config.js
 create mode 100644 components/Card/index.js
 create mode 100644 components/Card/style.js
 create mode 100644 components/Header/index.js
 create mode 100644 components/Header/style.js
 create mode 100644 package.json
 create mode 100644 yarn.lock

Aluno@PC119 MINGW64 ~/Desktop/projetoExpo (master)
$ git status
On branch master
Untracked files:
  (use "git add <file>..." to include in what will be committed)
        cod Github.txt

nothing added to commit but untracked files present (use "git add" to track)

Aluno@PC119 MINGW64 ~/Desktop/projetoExpo (master)
$ git add comandoGit
fatal: pathspec 'comandoGit' did not match any files

Aluno@PC119 MINGW64 ~/Desktop/projetoExpo (master)
$ git add .

Aluno@PC119 MINGW64 ~/Desktop/projetoExpo (master)
$ git commit -m "adição do arquivo comandos"
[master 02d383f] adição do arquivo comandos
 1 file changed, 163 insertions(+)
 create mode 100644 comandoGit.txt

Aluno@PC119 MINGW64 ~/Desktop/projetoExpo (master)
$ git branch -M main

Aluno@PC119 MINGW64 ~/Desktop/projetoExpo (main)
$ git remote add origin https://github.com/vitorAparecid0/Aula1-GitHub. git
usage: git remote add [<options>] <name> <url>

    -f, --fetch           fetch the remote branches
    --tags                import all tags and associated objects when fetching
                          or do not fetch any tag at all (--no-tags)
    -t, --track <branch>  branch(es) to track
    -m, --master <branch>
                          master branch
    --mirror[=(push|fetch)]
                          set up remote as a mirror to push to or fetch from


Aluno@PC119 MINGW64 ~/Desktop/projetoExpo (main)
$ git remote add origin https://github.com/vitorAparecid0/Aula1-GitHub. git
usage: git remote add [<options>] <name> <url>

    -f, --fetch           fetch the remote branches
    --tags                import all tags and associated objects when fetching
                          or do not fetch any tag at all (--no-tags)
    -t, --track <branch>  branch(es) to track
    -m, --master <branch>
                          master branch
    --mirror[=(push|fetch)]
                          set up remote as a mirror to push to or fetch from


Aluno@PC119 MINGW64 ~/Desktop/projetoExpo (main)
$ git remote add origin https://github.com/vitorAparecid0/Aula1-GitHub.git

Aluno@PC119 MINGW64 ~/Desktop/projetoExpo (main)
$ git push -u origem principal
error: src refspec principal does not match any
error: failed to push some refs to 'origem'

Aluno@PC119 MINGW64 ~/Desktop/projetoExpo (main)
$ git push -u origem main
fatal: 'origem' does not appear to be a git repository
fatal: Could not read from remote repository.

Please make sure you have the correct access rights
and the repository exists.

Aluno@PC119 MINGW64 ~/Desktop/projetoExpo (main)
$ $ git push -u origem ^[[200~$ git push -u origem
bash: $: command not found

Aluno@PC119 MINGW64 ~/Desktop/projetoExpo (main)
$ git push -u origem principal
error: src refspec principal does not match any
error: failed to push some refs to 'origem'

Aluno@PC119 MINGW64 ~/Desktop/projetoExpo (main)
$ git remote
origin

Aluno@PC119 MINGW64 ~/Desktop/projetoExpo (main)
$ git push -u origin principal
error: src refspec principal does not match any
error: failed to push some refs to 'https://github.com/vitorAparecid0/Aula1-GitHub.git'

Aluno@PC119 MINGW64 ~/Desktop/projetoExpo (main)
$ git push -u origin main
Enumerating objects: 25, done.
Counting objects: 100% (25/25), done.
Delta compression using up to 12 threads
Compressing objects: 100% (24/24), done.
Writing objects: 100% (25/25), 166.16 KiB | 15.10 MiB/s, done.
Total 25 (delta 1), reused 0 (delta 0), pack-reused 0
remote: Resolving deltas: 100% (1/1), done.
To https://github.com/vitorAparecid0/Aula1-GitHub.git
 * [new branch]      main -> main
branch 'main' set up to track 'origin/main'.

Aluno@PC119 MINGW64 ~/Desktop/projetoExpo (main)
$ git commit -m "adicionei o arquivo ao diretorio"
On branch main
Your branch is up to date with 'origin/main'.

nothing to commit, working tree clean

Aluno@PC119 MINGW64 ~/Desktop/projetoExpo (main)
$ git status
On branch main
Your branch is up to date with 'origin/main'.

nothing to commit, working tree clean

Aluno@PC119 MINGW64 ~/Desktop/projetoExpo (main)
$ git add origin
fatal: pathspec 'origin' did not match any files

Aluno@PC119 MINGW64 ~/Desktop/projetoExpo (main)
$ git add .

Aluno@PC119 MINGW64 ~/Desktop/projetoExpo (main)
$ git status
On branch main
Your branch is up to date with 'origin/main'.

nothing to commit, working tree clean

Aluno@PC119 MINGW64 ~/Desktop/projetoExpo (main)
$ git add ^C

Aluno@PC119 MINGW64 ~/Desktop/projetoExpo (main)
$ git add origin/main
fatal: pathspec 'origin/main' did not match any files

Aluno@PC119 MINGW64 ~/Desktop/projetoExpo (main)
$
